# Boulderoid v1.15
author John
name DIAMANT_
width 40
height 22
mapstart
WWWWWWWWWWWWWWWWWWWWWWWWWWWWWWWWWWWWWWWW
XddddddddddddddddddddddddddddddddddddddW
WddddddddddddddddddddddddddddddddddddddW
WddddddddddddddddddddddddddddddddddddddW
WddddddddddddddddddddddddddddddddddddddW
WddddddddddddddddddddddddddddddddddddddW
WddddddddddddddddddddddddddddddddddddddW
WddddddddddddddddddddddddddddddddddddddW
WddddddddddddddddddddddddddddddddddddddW
WddddddddddddddddddddddddddddddddddddddW
WddddddddddddddddddddddddddddddddddddddW
WddddddddddddddddddddddddddddddddddddddW
WddddddddddddddddddddddddddddddddddddddW
WdddddddddddddddddddddddddddddddddddddPW
WddddddddddddddddddddddddddddddddddddddW
WddddddddddddddddddddddddddddddddddddddW
WddddddddddddddddddddddddddddddddddddddW
WddddddddddddddddddddddddddddddddddddddW
WddddddddddddddddddddddddddddddddddddddW
WddddddddddddddddddddddddddddddddddddddW
WddddddddddddddddddddddddddddddddddddddW
WWWWWWWWWWWWWWWWWWWWWWWWWWWWWWWWWWWWWWWW
mapend
delay 0
time 111
require 99
dpoints 0
dextra 1
permeable 9
amrate1 1
amoeba 23
milltime 999
colour1 0
colour2 0
colour3 8
colour4 9
colour5 3
timepercent 100
teleport 1234567890,YYYYYYYYYY,NNNNNNNNNN