# CaveToMap v2.50
name DOT2_INT
width 40
height 22
mapstart
WWWWWWWWWWWWWWWWWWWWWWWWWWWWWWWWWWWWWWWW
Wa c W       WWa  aWWWWWWWWWWWWWWWWWWWWW
Wa     aWWWW  a    WWWWWWWWWWWWWWWWWWWWW
W    WWaW    WWW  WWWWWWWWWWWWWWWWWWWWWW
WWW WWWWW  H  W  WWWWWWWWWWWWWWWWWWWWWWW
WP.       WWWWWW WWWWWWWWWWWWWWWWWWWWWWW
WWW  WWW   W      WWWWWWWWWWWWWWWWWWWWWW
W    WWW W   WWWW  WWWWWWWWWWWWWWWWWWWWW
W        WaWaWWW   WWWWWWWWWWWWWWWWWWWWW
W    W  WW   WWW aaWWWWWWWWWWWWWWWWWWWWW
Wa c WcWWWWW     aaWWWWWWWWWWWWWWWWWWWWW
WWWWWWWWWWWWWWWWWWWWWWrrWWWWWWWWWWWWWWWW
WWWWWWWWWWWWWWWWWWWWWWWWWWWWWWWWWWWWWWWW
WWWWWWWWWWWWWWWWWWWWWWWWWWWWWWWWWWWWWWWW
WWWWWWWWWWWWWWWWWWWWWWWWWWWWWWWWWWWWWWWW
WWWWWWWWWWWWWWWWWWWWWWWWWWWWWWWWWWWWWWWW
WWWWWWWWWWWWWWWWWWWWWWWWWWWWWWWWWWWWWWWW
WWWWWWWWWWWWWWWWWWWWWWWWWWWWWWWWWWWWWWWW
WWWWWWWWWWWWWWWWWWWWWWWWWWWWWWWWWWWWWWWW
WWWWWWWWWWWWWWWWWWWWWWWWWWWWWWWWWWWWWWWW
WWWWWWWWWWWWWWWWWWWWWWWWWWWWWWWWWWWWWWWW
WWWWWWWWWWWWWWWWWWWWWWWWWWWWWWWWWWWWWWWW
mapend
delay 25
time 65
require 99
dpoints 1
dextra 99
permeable 4
amrate1 99
milltime 999
noscroll
intermission
colour1 0
colour2 0
colour3 8
colour4 9
colour5 3
