# CaveToMap v2.50
name LABYRINT
width 40
height 22
mapstart
WWWWWWWWWWWWWWWWWWWWWWWWWWWWWWWWWWWWWWWW
WP              wX WWWWWWWWWWWWWWWWWWWWW
Wwwww.wwwwwwwwwww.wWWWWWWWWWWWWWWWWWWWWW
Wwc     w   w   d wWWWWWWWWWWWWWWWWWWWWW
Wwwwx.wwwcw   w w wWWWWWWWWWWWWWWWWWWWWW
Ww        wwwww w wWWWWWWWWWWWWWWWWWWWWW
Ww www w ww    c  wWWWWWWWWWWWWWWWWWWWWW
Ww w   w    w www wWWWWWWWWWWWWWWWWWWWWW
Ww w w wwwwdw w   wWWWWWWWWWWWWWWWWWWWWW
Wwd  w     c    wwwWWWWWWWWWWWWWWWWWWWWW
WwwwwwwwwwwwwwwwwwwWWWWWWWWWWWWWWWWWWWWW
WWWWWWWWWWWWWWWWWWWWWWWWWWWWWWWWWWWWWWWW
WWWWWWWWWWWWWWWWWWWWWWWWWWWWWWWWWWWWWWWW
WWWWWWWWWWWWWWWWWWWWWWWWWWWWWWWWWWWWWWWW
WWWWWWWWWWWWWWWWWWWWWWWWWWWWWWWWWWWWWWWW
WWWWWWWWWWWWWWWWWWWWWWWWWWWWWWWWWWWWWWWW
WWWWWWWWWWWWWWWWWWWWWWWWWWWWWWWWWWWWWWWW
WWWWWWWWWWWWWWWWWWWWWWWWWWWWWWWWWWWWWWWW
WWWWWWWWWWWWWWWWWWWWWWWWWWWWWWWWWWWWWWWW
WWWWWWWWWWWWWWWWWWWWWWWWWWWWWWWWWWWWWWWW
WWWWWWWWWWWWWWWWWWWWWWWWWWWWWWWWWWWWWWWW
WWWWWWWWWWWWWWWWWWWWWWWWWWWWWWWWWWWWWWWW
mapend
delay 25
time 255
require 3
dpoints 1
dextra 99
permeable 9
amrate1 1
milltime 999
noscroll
intermission
colour1 0
colour2 0
colour3 8
colour4 9
colour5 3
