# CaveToMap v2.50
name MESBANA_
width 40
height 22
mapstart
WWWWWWWWWWWWWWWWWWWWWWWWWWWWWWWWWWWWWWWW
WrrrrrrrQrrrrrrrrrrWWWWWWWWWWWWWWWWWWWWW
Wrdrr rdrrQrrdrrrr WWWWWWWWWWWWWWWWWWWWW
W r   rrrrr rr   r WWWWWWWWWWWWWWWWWWWWW
Wm mmmm c cmmQmmmm WWWWWWWWWWWWWWWWWWWWW
W      c  Q      Q WWWWWWWWWWWWWWWWWWWWW
WmmQmQc mmmmm mmmm WWWWWWWWWWWWWWWWWWWWW
W      Q  c   a    WWWWWWWWWWWWWWWWWWWWW
WmmQmmm mmmmmcm  m WWWWWWWWWWWWWWWWWWWWW
W       m cQmQm   XWWWWWWWWWWWWWWWWWWWWW
Wmmmmmm  cQ Q     PWWWWWWWWWWWWWWWWWWWWW
WWWWWWWWWWWWWWWWWWWWWWWWWWWWWWWWWWWWWWWW
WWWWWWWWWWWWWWWWWWWWWWWWWWWWWWWWWWWWWWWW
WWWWWWWWWWWWWWWWWWWWWWWWWWWWWWWWWWWWWWWW
WWWWWWWWWWWWWWWWWWWWWWWWWWWWWWWWWWWWWWWW
WWWWWWWWWWWWWWWWWWWWWWWWWWWWWWWWWWWWWWWW
WWWWWWWWWWWWWWWWWWWWWWWWWWWWWWWWWWWWWWWW
WWWWWWWWWWWWWWWWWWWWWWWWWWWWWWWWWWWWWWWW
WWWWWWWWWWWWWWWWWWWWWWWWWWWWWWWWWWWWWWWW
WWWWWWWWWWWWWWWWWWWWWWWWWWWWWWWWWWWWWWWW
WWWWWWWWWWWWWWWWWWWWWWWWWWWWWWWWWWWWWWWW
WWWWWWWWWWWWWWWWWWWWWWWWWWWWWWWWWWWWWWWW
mapend
delay 20
time 62
require 4
dpoints 1
dextra 1
permeable 8
amrate1 100
milltime 1
noscroll
intermission
colour1 0
colour2 0
colour3 8
colour4 9
colour5 3
