# CaveToMap v2.50
name MITTEN2_
width 40
height 22
mapstart
WWWWWWWWWWWWWWWWWWWWWWWWWWWWWWWWWWWWWWWW
Xrrrrrrrr rrr rr   WWWWWWWWWWWWWWWWWWWWW
W                  WWWWWWWWWWWWWWWWWWWWW
W       c          WWWWWWWWWWWWWWWWWWWWW
W c          c     WWWWWWWWWWWWWWWWWWWWW
WWWW c          WWWWWWWWWWWWWWWWWWWWWWWW
W                  WWWWWWWWWWWWWWWWWWWWW
W                  WWWWWWWWWWWWWWWWWWWWW
W           c      WWWWWWWWWWWWWWWWWWWWW
W                  WWWWWWWWWWWWWWWWWWWWW
Wa             c  PWWWWWWWWWWWWWWWWWWWWW
WWWWWWWWWWWWWWWWWWWWWWrrWWWWWWWWWWWWWWWW
WWWWWWWWWWWWWWWWWWWWWWWWWWWWWWWWWWWWWWWW
WWWWWWWWWWWWWWWWWWWWWWWWWWWWWWWWWWWWWWWW
WWWWWWWWWWWWWWWWWWWWWWWWWWWWWWWWWWWWWWWW
WWWWWWWWWWWWWWWWWWWWWWWWWWWWWWWWWWWWWWWW
WWWWWWWWWWWWWWWWWWWWWWWWWWWWWWWWWWWWWWWW
WWWWWWWWWWWWWWWWWWWWWWWWWWWWWWWWWWWWWWWW
WWWWWWWWWWWWWWWWWWWWWWWWWWWWWWWWWWWWWWWW
WWWWWWWWWWWWWWWWWWWWWWWWWWWWWWWWWWWWWWWW
WWWWWWWWWWWWWWWWWWWWWWWWWWWWWWWWWWWWWWWW
WWWWWWWWWWWWWWWWWWWWWWWWWWWWWWWWWWWWWWWW
mapend
delay 0
time 15
require 40
dpoints 1
dextra 99
permeable 1
amrate1 1
milltime 999
noscroll
intermission
colour1 0
colour2 0
colour3 8
colour4 9
colour5 3
