# CaveToMap v2.50
name SKEPP_CA
width 40
height 22
mapstart
WWWWWWWWWWWWWWWWWWWWWWWWWWWWWWWWWWWWWWWW
Wssssssssssssssssssssssssssssssssw     W
WsQsssssWssssssssssssssssssssssssw     W
WssssssWcWsssssssssssssssWsssssssw   d W
WsssssW  dWssssQssssssssW WssssQsw   dcW
WssssWW.WWWWsssssssssssW   Wsssssw  wwwW
WsssW       WsssssssssWd   dWssssw  .  W
WssW   r r   WsssssssWdd  dddWsssw  w  W
Wswww.WW.WW.wwwsssQsWWWW.WWWWWWssw  wwwW
WssWF Wd dW PWssssssWc . W . cWssw  w  W
WssW  Wd dW  WssQsswww W W WddWssw  .  W
Wswww.WW.WW.wwwsssssWWrr W WddWssw  w  W
WssWF Wd dW FrssssssW      WWWWssw  wwwW
WssW  WW WW  ........     WWW ....     W
Wswww.WW WW.WWssssssWWWW  . W Wssw     W
WssWF Wd dW wwwwssssWcd.  W d Wssw    dW
WssWd WW.WWdFWssssssWWWW.WWWWWWssw   ddW
WssWWWWrrrWWWWsQssQ .        cWssw  wwwW
WsssWrrrrrrrWsssssssWdddddddddWssw  wFHW
WsQssWWWWWWWsssssssssWWWWWWWWWsssw  w  W
Wssssssssssssssssssssssssssssssssw  . dW
WWWWWWWWWWWWWWWWWWWWWWWWWWWWWWWWWWWWWWWW
mapend
delay 25
time 255
require 37
dpoints 1
dextra 99
permeable 9
amrate1 1
milltime 999
colour1 0
colour2 0
colour3 8
colour4 9
colour5 3
