# CaveToMap v2.50
name STIRRIG1
width 40
height 22
mapstart
WWWWWWWWWWWWWWWWWWWWWWWWWWWWWWWWWWWWWWWW
W..Q...........Qr..WWWWWWWWWWWWWWWWWWWWW
WPdrQ.........Qrd.XWWWWWWWWWWWWWWWWWWWWW
Wr.drQ.......Qrd.r.WWWWWWWWWWWWWWWWWWWWW
W.r.drQ.....Qrd.r..WWWWWWWWWWWWWWWWWWWWW
W..r.drQ...Qrd.r...WWWWWWWWWWWWWWWWWWWWW
W...r.drQ.Qrd.r....WWWWWWWWWWWWWWWWWWWWW
W....r.drQrd.r.....WWWWWWWWWWWWWWWWWWWWW
W.....r.drd.r......WWWWWWWWWWWWWWWWWWWWW
W......r.d.r.......WWWWWWWWWWWWWWWWWWWWW
W.......rrr........WWWWWWWWWWWWWWWWWWWWW
WWWWWWWWWWWWWWWWWWWWWWrrWWWWWWWWWWWWWWWW
WWWWWWWWWWWWWWWWWWWWWWWWWWWWWWWWWWWWWWWW
WWWWWWWWWWWWWWWWWWWWWWWWWWWWWWWWWWWWWWWW
WWWWWWWWWWWWWWWWWWWWWWWWWWWWWWWWWWWWWWWW
WWWWWWWWWWWWWWWWWWWWWWWWWWWWWWWWWWWWWWWW
WWWWWWWWWWWWWWWWWWWWWWWWWWWWWWWWWWWWWWWW
WWWWWWWWWWWWWWWWWWWWWWWWWWWWWWWWWWWWWWWW
WWWWWWWWWWWWWWWWWWWWWWWWWWWWWWWWWWWWWWWW
WWWWWWWWWWWWWWWWWWWWWWWWWWWWWWWWWWWWWWWW
WWWWWWWWWWWWWWWWWWWWWWWWWWWWWWWWWWWWWWWW
WWWWWWWWWWWWWWWWWWWWWWWWWWWWWWWWWWWWWWWW
mapend
delay 15
time 100
require 15
dpoints 99
dextra 1
permeable 9
amrate1 1
milltime 999
noscroll
intermission
colour1 0
colour2 0
colour3 8
colour4 9
colour5 3
