# CaveToMap v2.50
name TOMRUM_I
width 40
height 22
mapstart
WWWWWWWWWWWWWWWWWWWWWWWWWWWWWWWWWWWWWWWW
W                  WWWWWWWWWWWWWWWWWWWWW
W                  WWWWWWWWWWWWWWWWWWWWW
W                  WWWWWWWWWWWWWWWWWWWWW
W                  WWWWWWWWWWWWWWWWWWWWW
W                  WWWWWWWWWWWWWWWWWWWWW
W                  WWWWWWWWWWWWWWWWWWWWW
W                  WWWWWWWWWWWWWWWWWWWWW
W                  WWWWWWWWWWWWWWWWWWWWW
W                  WWWWWWWWWWWWWWWWWWWWW
W                  WWWWWWWWWWWWWWWWWWWWW
WWWWWWWWWWWWWWWWWWWWWWrrWWWWWWWWWWWWWWWW
WWWWWWWWWWWWWWWWWWWWWWWWWWWWWWWWWWWWWWWW
WWWWWWWWWWWWWWWWWWWWWWWWWWWWWWWWWWWWWWWW
WWWWWWWWWWWWWWWWWWWWWWWWWWWWWWWWWWWWWWWW
WWWWWWWWWWWWWWWWWWWWWWWWWWWWWWWWWWWWWWWW
WWWWWWWWWWWWWWWWWWWWWWWWWWWWWWWWWWWWWWWW
WWWWWWWWWWWWWWWWWWWWWWWWWWWWWWWWWWWWWWWW
WWWWWWWWWWWWWWWWWWWWWWWWWWWWWWWWWWWWWWWW
WWWWWWWWWWWWWWWWWWWWWWWWWWWWWWWWWWWWWWWW
WWWWWWWWWWWWWWWWWWWWWWWWWWWWWWWWWWWWWWWW
WWWWWWWWWWWWWWWWWWWWWWWWWWWWWWWWWWWWWWWW
mapend
delay 0
time 0
require 0
dpoints 0
dextra 0
permeable 9
amrate1 1
milltime 999
noscroll
intermission
colour1 0
colour2 0
colour3 8
colour4 9
colour5 3
